
> @mplp/runtime-minimal@1.0.1 test E:\Coregentis\MPLP\mplp-v1.0 - 鍓湰\V1.0-release\packages\runtime-minimal
> vitest run


[7m[1m[36m RUN [39m[22m[27m [36mv1.6.1[39m [90mE:/Coregentis/MPLP/mplp-v1.0 - 鍓湰/V1.0-release/packages/runtime-minimal[39m

 [32m鉁?[39m tests/single-agent.runtime.test.ts [2m ([22m[2m1 test[22m[2m)[22m[90m 3[2mms[22m[39m

[2m Test Files [22m [1m[32m1 passed[39m[22m[90m (1)[39m
[2m      Tests [22m [1m[32m1 passed[39m[22m[90m (1)[39m
[2m   Start at [22m 22:52:54
[2m   Duration [22m 488ms[2m (transform 63ms, setup 0ms, collect 71ms, tests 3ms, environment 0ms, prepare 137ms)[22m

